I'm sorry, but errors were detected in your script. Please correct the
errors listed below, and try again.


File "game/logic/tutoriel.rpy", line 131: expected 'label_name_declare' not found.
    label
         ^

File "game/screen/ui_dream_reflex.rpy", line 4: imagebutton expects a non-empty block.
    imagebutton:
                ^

Ren'Py Version: Ren'Py 8.3.7.25031702
Thu May 15 23:44:14 2025
